../User/Src/cat_kenwood.c:33:10:StringToDec	4	static
../User/Src/cat_kenwood.c:48:6:DecToString	12	static
../User/Src/cat_kenwood.c:67:6:Myitoa	32	static
../User/Src/cat_kenwood.c:93:6:Kenwood_BaudSet	8	static
../User/Src/cat_kenwood.c:110:6:Kenwood_BuildTransceiverStatus	88	static
../User/Src/cat_kenwood.c:236:6:Kenwood_MemoryDataAnswer	56	static
../User/Src/cat_kenwood.c:373:6:Kenwood_VMAnswer	24	static
../User/Src/cat_kenwood.c:396:4:Kenwood_ModeSwithced	8	static
../User/Src/cat_kenwood.c:436:6:Kenwood_RITSetDown	8	static
../User/Src/cat_kenwood.c:450:6:Kenwood_RITSetUp	8	static
../User/Src/cat_kenwood.c:464:6:Kenwood_XITSetDown	8	static
../User/Src/cat_kenwood.c:478:6:Kenwood_XITSetUp	8	static
../User/Src/cat_kenwood.c:491:6:Kenwodd_MemSet	0	static
../User/Src/cat_kenwood.c:500:6:Kenwood_VFOAAnswer	24	static
../User/Src/cat_kenwood.c:517:6:Kenwood_VFOBAnswer	24	static
../User/Src/cat_kenwood.c:534:4:Kenwood_VFOSet	4	static
../User/Src/cat_kenwood.c:562:6:Kenwood_AFGainSet	8	static
../User/Src/cat_kenwood.c:578:6:Kenwood_AFGainAnswer	24	static
../User/Src/cat_kenwood.c:593:6:Kenwood_MemoryChannelAnswer	24	static
../User/Src/cat_kenwood.c:607:6:Kenwood_ModeStauteAnswer	24	static
../User/Src/cat_kenwood.c:629:6:Kenwodd_SMeterAnswer	24	static
../User/Src/cat_kenwood.c:645:6:Kenwood_SWRMeterAnswer	24	static
../User/Src/cat_kenwood.c:659:6:Kenwodd_KeyingSpeedAnswer	24	static
../User/Src/cat_kenwood.c:672:6:Kenwood_CmdParser	64	static
