../User/Src/key.c:76:17:IsKeyDown13	8	static
../User/Src/key.c:75:17:IsKeyDown12	8	static
../User/Src/key.c:74:17:IsKeyDown11	8	static
../User/Src/key.c:73:17:IsKeyDown10	8	static
../User/Src/key.c:72:17:IsKeyDown9	8	static
../User/Src/key.c:71:17:IsKeyDown8	8	static
../User/Src/key.c:70:17:IsKeyDown7	8	static
../User/Src/key.c:69:17:IsKeyDown6	8	static
../User/Src/key.c:68:17:IsKeyDown5	8	static
../User/Src/key.c:67:17:IsKeyDown4	8	static
../User/Src/key.c:66:17:IsKeyDown3	8	static
../User/Src/key.c:65:17:IsKeyDown2	8	static
../User/Src/key.c:64:17:IsKeyDown1	8	static
../User/Src/key.c:86:6:bsp_InitKey	24	static
../User/Src/key.c:100:6:bsp_PutKey	0	static
../User/Src/key.c:118:9:bsp_GetKey	0	static
../User/Src/key.c:146:9:bsp_GetKey2	0	static
../User/Src/key.c:174:9:bsp_GetKeyState	0	static
../User/Src/key.c:189:6:bsp_SetKeyParam	0	static
../User/Src/key.c:203:6:bsp_ClearKey	0	static
../User/Src/key.c:378:6:bsp_KeyScan	32	static
