../User/Src/KEY_Control.c:122:6:PowerControl_off	32	static
../User/Src/KEY_Control.c:140:6:Key_Management_Set	24	static
../User/Src/KEY_Control.c:195:6:KeyCode_lock_settings	8	static
../User/Src/KEY_Control.c:264:6:Key_Band_Control	64	static
../User/Src/KEY_Control.c:1023:6:key_wm8978_set	16	static
../User/Src/KEY_Control.c:1121:6:key_Mode_Control	64	static
../User/Src/KEY_Control.c:1388:6:key_Filter_Control	64	static
../User/Src/KEY_Control.c:1715:6:key_Step_Control	24	static
../User/Src/KEY_Control.c:1777:6:Key_AGC_RecoveryTime_set	32	static
../User/Src/KEY_Control.c:1816:6:key_ampset	8	static
../User/Src/KEY_Control.c:1837:6:key_ATT_Control	32	static
../User/Src/KEY_Control.c:1921:6:bluetooth_icon	16	static
../User/Src/KEY_Control.c:1930:6:key_bluetooth_control	32	static
../User/Src/KEY_Control.c:1995:6:key_voltage_Display	40	static
../User/Src/KEY_Control.c:2054:6:RXandTX_Control_Management	48	static
../User/Src/KEY_Control.c:2495:6:Rx_amp_phase_adjuse	64	static
../User/Src/KEY_Control.c:2686:6:Menus_Set	88	static
../User/Src/KEY_Control.c:2956:6:key_Spectrum_Control	32	static
../User/Src/KEY_Control.c:2989:6:Data_init	40	static
../User/Src/KEY_Control.c:3269:6:Enc0_UseManagement	24	static
../User/Src/KEY_Control.c:3580:6:pow_gain_set	0	static
../User/Src/KEY_Control.c:3616:6:Enc2_UseManagement	40	static
../User/Src/KEY_Control.c:4068:6:key_DSP_NoiseProcessing	56	static
