../User/Src/lcd.c:738:6:LCD_ShowChar.constprop	96	static
../User/Src/lcd.c:63:7:SPIv_WriteData	24	static
../User/Src/lcd.c:85:6:SPI_WriteByte	0	static
../User/Src/lcd.c:107:6:SPI2_Init	24	static
../User/Src/lcd.c:157:6:Lcd_WriteIndex	8	static
../User/Src/lcd.c:177:6:Lcd_WriteData	8	static
../User/Src/lcd.c:196:6:LCD_WriteReg	16	static
../User/Src/lcd.c:209:6:Lcd_WriteData_16Bit	16	static
../User/Src/lcd.c:221:5:LCD_RD_DATA	8	static
../User/Src/lcd.c:234:6:Lcd_Reset	8	static
../User/Src/lcd.c:250:6:Lcd_Init	16	static
../User/Src/lcd.c:428:6:Lcd_SetXY	24	static
../User/Src/lcd.c:443:6:Lcd_SetRegion	24	static
../User/Src/lcd.c:463:6:Gui_DrawPoint	24	static
../User/Src/lcd.c:473:5:Lcd_ReadPoint	24	static
../User/Src/lcd.c:501:6:Lcd_Color	48	static
../User/Src/lcd.c:518:5:LCD_BGR2RGB	0	static
../User/Src/lcd.c:532:6:Gui_Circle	112	static
../User/Src/lcd.c:572:6:Gui_DrawLine	80	static
../User/Src/lcd.c:611:6:Gui_Unequal_character	32	static
../User/Src/lcd.c:622:6:Gui_box	56	static
../User/Src/lcd.c:636:6:Gui_box2	40	static
../User/Src/lcd.c:666:6:DisplayButtonDown	48	static
../User/Src/lcd.c:683:6:DisplayButtonUp	40	static
../User/Src/lcd.c:701:6:LCD_RectangleWindow	88	static
../User/Src/lcd.c:738:6:LCD_ShowChar	96	static
../User/Src/lcd.c:784:6:LCD_ShowString	64	static
../User/Src/lcd.c:800:5:LCD_Pow	0	static
../User/Src/lcd.c:816:6:LCD_ShowNum_Step	72	static
../User/Src/lcd.c:846:6:LCD_ShowNum	64	static
../User/Src/lcd.c:867:6:LCD_Showvol	4	static
../User/Src/lcd.c:901:6:LCD_ShowxNum	80	static
../User/Src/lcd.c:931:6:LCD_Frequency_Display	80	static
