../User/Src/rtc.c:26:4:RTC_Wait_Synchro	0	static
../User/Src/rtc.c:40:4:RTC_Init_Mode	0	static
../User/Src/rtc.c:52:6:RTC_Write_BKR	0	static
../User/Src/rtc.c:61:5:RTC_Read_BKR	0	static
../User/Src/rtc.c:71:4:RTC_DEC2BCD	8	static
../User/Src/rtc.c:84:4:RTC_BCD2DEC	0	static
../User/Src/rtc.c:95:4:RTC_Set_Time	20	static
../User/Src/rtc.c:112:4:RTC_Set_Date	32	static
../User/Src/rtc.c:127:6:RTC_Get_Time	20	static
../User/Src/rtc.c:140:6:RTC_Get_Date	20	static
../User/Src/rtc.c:158:4:RTC_Init	16	static
../User/Src/rtc.c:230:6:RTC_Set_AlarmA	20	static
../User/Src/rtc.c:260:6:RTC_Set_WakeUp	4	static
../User/Src/rtc.c:281:6:RTC_Alarm_IRQHandler	0	static
../User/Src/rtc.c:292:6:RTC_WKUP_IRQHandler	8	static
../User/Src/rtc.c:308:4:RTC_Get_Week	8	static
