../User/Src/Si5351AI2C.c:200:4:Si5351_Write_Reg	24	static
../User/Src/Si5351AI2C.c:219:4:Si5351_Read_Reg	16	static
../User/Src/Si5351AI2C.c:250:6:SI5351A_Init	8	static
../User/Src/Si5351AI2C.c:258:6:Si5351_I2c_exit	0	static
../User/Src/Si5351AI2C.c:270:6:setupPLL	24	static
../User/Src/Si5351AI2C.c:296:6:setupMultisynth	16	static
../User/Src/Si5351AI2C.c:319:6:setupMultisynth_FFT	24	static
../User/Src/Si5351AI2C.c:346:6:si5351aOutputOff	8	static
../User/Src/Si5351AI2C.c:364:6:si5351aSetFrequency_LoA	8	static
../User/Src/Si5351AI2C.c:410:6:si5351aSetFrequency_FFT	16	static
../User/Src/Si5351AI2C.c:457:6:si5351aSetFrequency_Bfo	16	static
