../User/Src/ui_Driver.c:45:6:ui_TopBackground	32	static
../User/Src/ui_Driver.c:63:6:key_lock_Display	40	static
../User/Src/ui_Driver.c:85:6:ui_ATT_Display	32	static
../User/Src/ui_Driver.c:125:6:ui_Decimal_Dispaly	48	static
../User/Src/ui_Driver.c:146:6:ui_Tim_Dispaly	88	static
../User/Src/ui_Driver.c:188:6:ui_Mute_icon	56	static
../User/Src/ui_Driver.c:279:6:ui_Vfo_Display	80	static
../User/Src/ui_Driver.c:416:6:ui_Filter_Display	88	static
../User/Src/ui_Driver.c:453:6:ui_Spe_Filter_Display	64	static
../User/Src/ui_Driver.c:488:6:set_pos	32	static
../User/Src/ui_Driver.c:536:6:ui_Step_Display	48	static
../User/Src/ui_Driver.c:563:6:ui_RIT_Display	64	static
../User/Src/ui_Driver.c:624:6:ui_Signal_scale	48	static
../User/Src/ui_Driver.c:647:6:ui_Signal_intensity_Display	80	static
../User/Src/ui_Driver.c:1003:6:ui_BandDisplay	48	static
../User/Src/ui_Driver.c:1173:6:ui_Spectrum_Dispaly_2	64	static
../User/Src/ui_Driver.c:1224:6:ui_Meun_Window	40	static
../User/Src/ui_Driver.c:1257:6:ui_SideFunction_Display	48	static
../User/Src/ui_Driver.c:1305:6:cw_sign_dit_dah	40	static
../User/Src/ui_Driver.c:1369:6:ui_SideFunction_R_Display	112	static
../User/Src/ui_Driver.c:1616:6:ui_LongStrip_DisplayWindow	48	static
../User/Src/ui_Driver.c:1658:6:ui_VOL_DisPlay	48	static
../User/Src/ui_Driver.c:1727:6:ui_Power_Display	32	static
../User/Src/ui_Driver.c:1774:6:ui_dspNR_Display	24	static
