../User/Src/usart.c:20:5:_ttywrch	0	static
../User/Src/usart.c:36:6:_sys_exit	0	static
/opt/st/stm32cubeide_1.12.0/plugins/com.st.stm32cube.ide.mcu.externaltools.gnu-tools-for-stm32.10.3-2021.10.linux64_1.0.200.202301161003/tools/arm-none-eabi/include/stdio.h:214:5:fputc	0	static
../User/Src/usart.c:51:6:UartBufInit	0	static
../User/Src/usart.c:58:6:UartTxBufWrite	0	static
../User/Src/usart.c:71:6:UartTx	16	static
../User/Src/usart.c:79:15:UartTxBufRead	0	static
../User/Src/usart.c:95:15:UART_TxBufSize	0	static
../User/Src/usart.c:100:6:usart_rx_analysis	8	static
../User/Src/usart.c:114:6:usart3_rx_analysis	8	static
../User/Src/usart.c:128:4:DMA_IsTxComplete	0	static
../User/Src/usart.c:133:6:CopyTBufToDMA	28	static
../User/Src/usart.c:141:6:UART_DMAStart	4	static
../User/Src/usart.c:147:6:UART_DMAEnd	0	static
../User/Src/usart.c:159:6:UART_Task	28	static
../User/Src/usart.c:183:6:USART1_IRQHandler	8	static
../User/Src/usart.c:200:6:Uart3_CopyTBufToDMA	24	static
../User/Src/usart.c:208:6:UART3_DMAStart	4	static
../User/Src/usart.c:214:6:UART3_DMAEnd	0	static
../User/Src/usart.c:226:6:UART3_Task	28	static
../User/Src/usart.c:243:6:USART3_IRQHandler	8	static
../User/Src/usart.c:261:6:uart1_init	24	static
../User/Src/usart.c:295:6:DMA1_Stream7_IRQHandler	0	static
../User/Src/usart.c:314:6:uart3_init	24	static
../User/Src/usart.c:349:6:DMA1_Stream6_IRQHandler	0	static
