../User/Src/wm8978.c:35:4:WM8978_Init	24	static
../User/Src/wm8978.c:88:4:WM8978_Write_Reg	24	static
../User/Src/wm8978.c:105:5:WM8978_Read_Reg	0	static
../User/Src/wm8978.c:112:6:WM8978_HPread_Cfg	8	static
../User/Src/wm8978.c:135:6:WM8978_AUXIN_Cfg	16	static
../User/Src/wm8978.c:157:6:WM8978_out34_Cfg	16	static
../User/Src/wm8978.c:174:6:WM8978_ADDA_Cfg	16	static
../User/Src/wm8978.c:196:6:WM8978_Input_Cfg	8	static
../User/Src/wm8978.c:215:6:WM8978_Output_Cfg	24	static
../User/Src/wm8978.c:231:6:WM8978_MIC_Gain	16	static
../User/Src/wm8978.c:252:6:WM8978_ALC_Cfg	16	static
../User/Src/wm8978.c:280:6:WM8978_ADC_Gain	16	static
../User/Src/wm8978.c:289:6:WM8978_DAC_Gain	8	static
../User/Src/wm8978.c:297:6:WM8978_LINEIN_Gain	24	static
../User/Src/wm8978.c:312:6:WM8978_AUX_Gain	24	static
../User/Src/wm8978.c:328:6:WM8978_I2S_Cfg	16	static
../User/Src/wm8978.c:338:6:WM8978_HPvol_Set	24	static
../User/Src/wm8978.c:349:6:WM8978_SPKvol_Set	16	static
../User/Src/wm8978.c:356:6:WM8978_Inpga_muter	16	static
../User/Src/wm8978.c:373:6:WM8978_TR_set	24	static
